<html>
<body>
<pre>
<h1>µVision Build Log</h1>
<h2>Project:</h2>
\\172.17.9.24\Embedded-Lab\Lab Session Dtas\Embedded Kit CD datas\LPC2148 - NEX ROBOTICS\Codes\UART1 COMM 9600\UART1_COMM_9600.uvproj
Project File Date:  08/20/2010

<h2>Output:</h2>
compiling main.c...
main.c(135): warning:  #111-D: statement is unreachable
main.c(136): warning:  #1-D: last line of file ends without a newline
main.c - 0 Error(s), 2 Warning(s).
Build target 'Target 1'
assembling Startup.s...
linking...
Program Size: Code=1004 RO-data=132 RW-data=0 ZI-data=1256  
FromELF: creating hex file...
"UART1_COMM_9600.axf" - 0 Error(s), 0 Warning(s).
Build target 'Target 1'
assembling Startup.s...
compiling main.c...
main.c(135): warning:  #111-D: statement is unreachable
main.c(136): warning:  #1-D: last line of file ends without a newline
linking...
Program Size: Code=1004 RO-data=132 RW-data=0 ZI-data=1256  
FromELF: creating hex file...
"UART1_COMM_9600.axf" - 0 Error(s), 2 Warning(s).
