<html>
<body>
<pre>
<h1>µVision Build Log</h1>
<h2>Project:</h2>
C:\Documents and Settings\abc\Desktop\Dev Board Codes on 192.168.1.108\BUZZER\BUZZER.uvproj
Project File Date:  08/21/2010

<h2>Output:</h2>
Build target 'Target 1'
assembling Startup.s...
compiling main.c...
main.c(139): warning:  #1-D: last line of file ends without a newline
main.c:   }             
main.c:                 ^
main.c: main.c: 1 warning, 0 errors
linking...
Program Size: Code=1152 RO-data=32 RW-data=4 ZI-data=1260  
FromELF: creating hex file...
"BUZZER.axf" - 0 Error(s), 1 Warning(s).
