ARM Linker, RVCT4.0 [Build 728] [Evaluation]

==============================================================================

Section Cross References

    startup.o(STACK) refers (Special) to heapauxi.o(.text) for __use_two_region_memory
    startup.o(HEAP) refers (Special) to heapauxi.o(.text) for __use_two_region_memory
    startup.o(RESET) refers (Special) to heapauxi.o(.text) for __use_two_region_memory
    startup.o(RESET) refers to startup.o(STACK) for Stack_Top
    startup.o(RESET) refers to __main.o(!!!main) for __main
    startup.o(.text) refers (Special) to heapauxi.o(.text) for __use_two_region_memory
    startup.o(.text) refers to startup.o(HEAP) for Heap_Mem
    startup.o(.text) refers to startup.o(STACK) for Stack_Mem
    main.o(.text) refers to lcd.o(.text) for LCD_Init
    main.o(.text) refers to eeprom.o(.text) for I2C_Init
    main.o(.text) refers to uart0.o(.text) for Init_UART0
    main.o(.text) refers to uart1.o(.text) for Init_UART1
    main.o(.text) refers to spi_mmc.o(.text) for SPI_Init
    main.o(.text) refers to adc.o(.text) for ADC_Init
    main.o(.text) refers to rtc.o(.text) for Init_RTC
    main.o(.text) refers to eeprom.o(.bss) for I2C_RD_Buf
    main.o(.text) refers to spi_mmc.o(.bss) for MMCRDData
    main.o(.text) refers to dflt_noclz.o(x$fpl$dfltu) for __aeabi_ui2d
    main.o(.text) refers to dmul.o(x$fpl$dmul) for __aeabi_dmul
    main.o(.text) refers to dfixu.o(x$fpl$dfixu) for __aeabi_d2uiz
    main.o(.text) refers to adc.o(.data) for ADC_Data1
    main.o(.text) refers to rtc.o(.data) for hour
    main.o(.text) refers to main.o(.data) for Step_Dir
    main.o(.text) refers to main.o(.constdata) for Step_Sequence
    lcd.o(.text) refers to main.o(.text) for Delay
    eeprom.o(.text) refers to eeprom.o(.data) for Status_Flag
    eeprom.o(.text) refers to eeprom.o(.bss) for I2C_RD_Buf
    spi_mmc.o(.text) refers to spi_mmc.o(.data) for MMCStatus
    spi_mmc.o(.text) refers to spi_mmc.o(.bss) for MMCRDData
    adc.o(.text) refers to aeabi_sdiv.o(.text_udiv) for __aeabi_uidivmod
    adc.o(.text) refers to adc.o(.data) for Temp
    rtc.o(.text) refers to aeabi_sdiv.o(.text) for __aeabi_idivmod
    rtc.o(.text) refers to rtc.o(.data) for hour
    aeabi_sdiv.o(.text_udiv) refers to aeabi_sdiv.o(.text) for __arm_div4
    aeabi_sdiv_div0.o(.text_udiv) refers to aeabi_sdiv_div0.o(.text) for __arm_div4
    __main.o(!!!main) refers to rtentry.o(.ARM.Collect$$rtentry$$00000000) for __rt_entry
    dfixu.o(x$fpl$dfixu) refers (Special) to usenofp.o(x$fpl$usenofp) for __I$use$fp
    dfixu.o(x$fpl$dfixu) refers to dcheck1.o(x$fpl$dcheck1) for __fpl_dcheck_NaN1
    dfixu.o(x$fpl$dfixur) refers (Special) to usenofp.o(x$fpl$usenofp) for __I$use$fp
    dfixu.o(x$fpl$dfixur) refers to dcheck1.o(x$fpl$dcheck1) for __fpl_dcheck_NaN1
    dflt_noclz.o(x$fpl$dfltu) refers (Special) to usenofp.o(x$fpl$usenofp) for __I$use$fp
    dflt_noclz.o(x$fpl$dfltu) refers to dflt_noclz.o(x$fpl$dflt) for __dflt_normalise
    dflt_noclz.o(x$fpl$dflt) refers (Special) to usenofp.o(x$fpl$usenofp) for __I$use$fp
    dmul.o(x$fpl$dmul) refers (Special) to usenofp.o(x$fpl$usenofp) for __I$use$fp
    dmul.o(x$fpl$dmul) refers (Special) to dunder.o(x$fpl$dunder) for __dunder
    dmul.o(x$fpl$dmul) refers to dcheck.o(x$fpl$dcheck) for __fpl_dcheck_NaN2
    rtentry.o(.ARM.Collect$$rtentry$$00000000) refers (Special) to rtentry2.o(.ARM.Collect$$rtentry$$0000000A) for __rt_entry_li
    rtentry.o(.ARM.Collect$$rtentry$$00000000) refers (Special) to rtentry2.o(.ARM.Collect$$rtentry$$0000000D) for __rt_entry_main
    rtentry.o(.ARM.Collect$$rtentry$$00000000) refers (Special) to rtentry2.o(.ARM.Collect$$rtentry$$0000000C) for __rt_entry_postli_1
    rtentry.o(.ARM.Collect$$rtentry$$00000000) refers (Special) to rtentry2.o(.ARM.Collect$$rtentry$$00000009) for __rt_entry_postsh_1
    rtentry.o(.ARM.Collect$$rtentry$$00000000) refers (Special) to rtentry2.o(.ARM.Collect$$rtentry$$00000002) for __rt_entry_presh_1
    rtentry.o(.ARM.Collect$$rtentry$$00000000) refers (Special) to rtentry4.o(.ARM.Collect$$rtentry$$00000004) for __rt_entry_sh
    rtentry.o(.ARM.exidx) refers (Special) to rtentry2.o(.ARM.Collect$$rtentry$$0000000A) for __rt_entry_li
    rtentry.o(.ARM.exidx) refers (Special) to rtentry2.o(.ARM.Collect$$rtentry$$0000000D) for __rt_entry_main
    rtentry.o(.ARM.exidx) refers (Special) to rtentry2.o(.ARM.Collect$$rtentry$$0000000C) for __rt_entry_postli_1
    rtentry.o(.ARM.exidx) refers (Special) to rtentry2.o(.ARM.Collect$$rtentry$$00000009) for __rt_entry_postsh_1
    rtentry.o(.ARM.exidx) refers (Special) to rtentry2.o(.ARM.Collect$$rtentry$$00000002) for __rt_entry_presh_1
    rtentry.o(.ARM.exidx) refers (Special) to rtentry4.o(.ARM.Collect$$rtentry$$00000004) for __rt_entry_sh
    rtentry.o(.ARM.exidx) refers to rtentry.o(.ARM.Collect$$rtentry$$00000000) for .ARM.Collect$$rtentry$$00000000
    aeabi_idiv0_sigfpe.o(.text) refers to rt_div0.o(.text) for __rt_div0
    dcheck.o(x$fpl$dcheck) refers (Special) to usenofp.o(x$fpl$usenofp) for __I$use$fp
    dcheck.o(x$fpl$dcheck) refers to retnan.o(x$fpl$retnan) for __fpl_return_NaN
    dcheck1.o(x$fpl$dcheck1) refers (Special) to usenofp.o(x$fpl$usenofp) for __I$use$fp
    dcheck1.o(x$fpl$dcheck1) refers to retnan.o(x$fpl$retnan) for __fpl_return_NaN
    dunder.o(x$fpl$dunder) refers (Special) to usenofp.o(x$fpl$usenofp) for __I$use$fp
    rtentry2.o(.ARM.Collect$$rtentry$$00000008) refers to boardinit2.o(.text) for _platform_post_stackheap_init
    rtentry2.o(.ARM.Collect$$rtentry$$0000000A) refers to libinit.o(.ARM.Collect$$libinit$$00000000) for __rt_lib_init
    rtentry2.o(.ARM.Collect$$rtentry$$0000000B) refers to boardinit3.o(.text) for _platform_post_lib_init
    rtentry2.o(.ARM.Collect$$rtentry$$0000000D) refers to exit.o(.text) for exit
    rtentry2.o(.ARM.Collect$$rtentry$$0000000D) refers to main.o(.text) for main
    rtentry2.o(.ARM.exidx) refers to rtentry2.o(.ARM.Collect$$rtentry$$00000001) for .ARM.Collect$$rtentry$$00000001
    rtentry2.o(.ARM.exidx) refers to rtentry2.o(.ARM.Collect$$rtentry$$00000002) for .ARM.Collect$$rtentry$$00000002
    rtentry2.o(.ARM.exidx) refers to rtentry2.o(.ARM.Collect$$rtentry$$00000008) for .ARM.Collect$$rtentry$$00000008
    rtentry2.o(.ARM.exidx) refers to rtentry2.o(.ARM.Collect$$rtentry$$00000009) for .ARM.Collect$$rtentry$$00000009
    rtentry2.o(.ARM.exidx) refers to rtentry2.o(.ARM.Collect$$rtentry$$0000000A) for .ARM.Collect$$rtentry$$0000000A
    rtentry2.o(.ARM.exidx) refers to rtentry2.o(.ARM.Collect$$rtentry$$0000000B) for .ARM.Collect$$rtentry$$0000000B
    rtentry2.o(.ARM.exidx) refers to rtentry2.o(.ARM.Collect$$rtentry$$0000000C) for .ARM.Collect$$rtentry$$0000000C
    rtentry2.o(.ARM.exidx) refers to rtentry2.o(.ARM.Collect$$rtentry$$0000000D) for .ARM.Collect$$rtentry$$0000000D
    rtentry4.o(.ARM.Collect$$rtentry$$00000004) refers to sys_stackheap_outer.o(.text) for __user_setup_stackheap
    rtentry4.o(.ARM.exidx) refers to rtentry4.o(.ARM.Collect$$rtentry$$00000004) for .ARM.Collect$$rtentry$$00000004
    rt_div0.o(.text) refers to defsig_fpe_outer.o(.text) for __rt_SIGFPE
    retnan.o(x$fpl$retnan) refers (Special) to usenofp.o(x$fpl$usenofp) for __I$use$fp
    retnan.o(x$fpl$retnan) refers to trapv.o(x$fpl$trapveneer) for __fpl_cmpreturn
    sys_stackheap_outer.o(.text) refers to libspace.o(.text) for __user_perproc_libspace
    sys_stackheap_outer.o(.text) refers to startup.o(.text) for __user_initial_stackheap
    exit.o(.text) refers to rtexit.o(.ARM.Collect$$rtexit$$00000000) for __rt_exit
    defsig_fpe_outer.o(.text) refers to defsig_fpe_inner.o(.text) for __rt_SIGFPE_inner
    defsig_fpe_outer.o(.text) refers to defsig_exit.o(.text) for __sig_exit
    defsig_fpe_formal.o(.text) refers to rt_raise.o(.text) for __rt_raise
    libinit.o(.ARM.Collect$$libinit$$00000000) refers (Special) to libinit2.o(.ARM.Collect$$libinit$$0000002A) for __rt_lib_init_alloca_1
    libinit.o(.ARM.Collect$$libinit$$00000000) refers (Special) to libinit2.o(.ARM.Collect$$libinit$$00000028) for __rt_lib_init_argv_1
    libinit.o(.ARM.Collect$$libinit$$00000000) refers (Special) to libinit2.o(.ARM.Collect$$libinit$$00000017) for __rt_lib_init_atexit_1
    libinit.o(.ARM.Collect$$libinit$$00000000) refers (Special) to libinit2.o(.ARM.Collect$$libinit$$0000001D) for __rt_lib_init_clock_1
    libinit.o(.ARM.Collect$$libinit$$00000000) refers (Special) to libinit2.o(.ARM.Collect$$libinit$$0000002E) for __rt_lib_init_cpp_1
    libinit.o(.ARM.Collect$$libinit$$00000000) refers (Special) to libinit2.o(.ARM.Collect$$libinit$$0000002C) for __rt_lib_init_exceptions_1
    libinit.o(.ARM.Collect$$libinit$$00000000) refers (Special) to libinit2.o(.ARM.Collect$$libinit$$0000001B) for __rt_lib_init_fp_trap_1
    libinit.o(.ARM.Collect$$libinit$$00000000) refers (Special) to libinit2.o(.ARM.Collect$$libinit$$0000001F) for __rt_lib_init_getenv_1
    libinit.o(.ARM.Collect$$libinit$$00000000) refers (Special) to libinit2.o(.ARM.Collect$$libinit$$00000006) for __rt_lib_init_heap_1
    libinit.o(.ARM.Collect$$libinit$$00000000) refers (Special) to libinit2.o(.ARM.Collect$$libinit$$0000000D) for __rt_lib_init_lc_collate_1
    libinit.o(.ARM.Collect$$libinit$$00000000) refers (Special) to libinit2.o(.ARM.Collect$$libinit$$0000000F) for __rt_lib_init_lc_ctype_1
    libinit.o(.ARM.Collect$$libinit$$00000000) refers (Special) to libinit2.o(.ARM.Collect$$libinit$$00000011) for __rt_lib_init_lc_monetary_1
    libinit.o(.ARM.Collect$$libinit$$00000000) refers (Special) to libinit2.o(.ARM.Collect$$libinit$$00000013) for __rt_lib_init_lc_numeric_1
    libinit.o(.ARM.Collect$$libinit$$00000000) refers (Special) to libinit2.o(.ARM.Collect$$libinit$$00000015) for __rt_lib_init_lc_time_1
    libinit.o(.ARM.Collect$$libinit$$00000000) refers (Special) to libinit2.o(.ARM.Collect$$libinit$$0000000A) for __rt_lib_init_rand_1
    libinit.o(.ARM.Collect$$libinit$$00000000) refers (Special) to libinit2.o(.ARM.Collect$$libinit$$0000002F) for __rt_lib_init_return
    libinit.o(.ARM.Collect$$libinit$$00000000) refers (Special) to libinit2.o(.ARM.Collect$$libinit$$00000019) for __rt_lib_init_signal_1
    libinit.o(.ARM.Collect$$libinit$$00000000) refers (Special) to libinit2.o(.ARM.Collect$$libinit$$00000021) for __rt_lib_init_stdio_1
    libinit.o(.ARM.Collect$$libinit$$00000000) refers (Special) to libinit2.o(.ARM.Collect$$libinit$$00000008) for __rt_lib_init_user_alloc_1
    libinit.o(.ARM.Collect$$libinit$$00000000) refers to fpinit.o(x$fpl$fpinit) for _fp_init
    trapv.o(x$fpl$trapveneer) refers (Special) to usenofp.o(x$fpl$usenofp) for __I$use$fp
    libspace.o(.text) refers to libspace.o(.bss) for __libspace_start
    rtexit.o(.ARM.Collect$$rtexit$$00000000) refers (Special) to rtexit2.o(.ARM.Collect$$rtexit$$00000004) for __rt_exit_exit
    rtexit.o(.ARM.Collect$$rtexit$$00000000) refers (Special) to rtexit2.o(.ARM.Collect$$rtexit$$00000003) for __rt_exit_ls
    rtexit.o(.ARM.Collect$$rtexit$$00000000) refers (Special) to rtexit2.o(.ARM.Collect$$rtexit$$00000002) for __rt_exit_prels_1
    rtexit.o(.ARM.exidx) refers (Special) to rtexit2.o(.ARM.Collect$$rtexit$$00000004) for __rt_exit_exit
    rtexit.o(.ARM.exidx) refers (Special) to rtexit2.o(.ARM.Collect$$rtexit$$00000003) for __rt_exit_ls
    rtexit.o(.ARM.exidx) refers (Special) to rtexit2.o(.ARM.Collect$$rtexit$$00000002) for __rt_exit_prels_1
    rtexit.o(.ARM.exidx) refers to rtexit.o(.ARM.Collect$$rtexit$$00000000) for .ARM.Collect$$rtexit$$00000000
    rt_raise.o(.text) refers to __raise.o(.text) for __raise
    rt_raise.o(.text) refers to sys_exit.o(.text) for _sys_exit
    defsig_exit.o(.text) refers to sys_exit.o(.text) for _sys_exit
    defsig_fpe_inner.o(.text) refers to defsig_general.o(.text) for __default_signal_display
    libinit2.o(.ARM.Collect$$libinit$$0000000C) refers to libinit2.o(.ARM.Collect$$libinit$$0000000B) for .ARM.Collect$$libinit$$0000000B
    libinit2.o(.ARM.Collect$$libinit$$0000000E) refers to libinit2.o(.ARM.Collect$$libinit$$0000000B) for .ARM.Collect$$libinit$$0000000B
    libinit2.o(.ARM.Collect$$libinit$$00000010) refers to libinit2.o(.ARM.Collect$$libinit$$0000000B) for .ARM.Collect$$libinit$$0000000B
    libinit2.o(.ARM.Collect$$libinit$$00000012) refers to libinit2.o(.ARM.Collect$$libinit$$0000000B) for .ARM.Collect$$libinit$$0000000B
    libinit2.o(.ARM.Collect$$libinit$$00000014) refers to libinit2.o(.ARM.Collect$$libinit$$0000000B) for .ARM.Collect$$libinit$$0000000B
    libinit2.o(.ARM.Collect$$libinit$$00000022) refers to argv_veneer.o(.emb_text) for __ARM_argv_veneer
    libinit2.o(.ARM.Collect$$libinit$$00000023) refers to argv_veneer.o(.emb_text) for __ARM_argv_veneer
    fpinit.o(x$fpl$fpinit) refers to rt_fp_status_addr_intlibspace.o(.text) for __rt_fp_status_addr
    sys_exit.o(.text) refers to use_no_semi.o(.text) for __I$use$semihosting
    rtexit2.o(.ARM.Collect$$rtexit$$00000003) refers to libshutdown.o(.ARM.Collect$$libshutdown$$00000000) for __rt_lib_shutdown
    rtexit2.o(.ARM.Collect$$rtexit$$00000004) refers to sys_exit.o(.text) for _sys_exit
    rtexit2.o(.ARM.exidx) refers to rtexit2.o(.ARM.Collect$$rtexit$$00000001) for .ARM.Collect$$rtexit$$00000001
    rtexit2.o(.ARM.exidx) refers to rtexit2.o(.ARM.Collect$$rtexit$$00000002) for .ARM.Collect$$rtexit$$00000002
    rtexit2.o(.ARM.exidx) refers to rtexit2.o(.ARM.Collect$$rtexit$$00000003) for .ARM.Collect$$rtexit$$00000003
    rtexit2.o(.ARM.exidx) refers to rtexit2.o(.ARM.Collect$$rtexit$$00000004) for .ARM.Collect$$rtexit$$00000004
    rt_fp_status_addr.o(.text) refers to rt_fp_status_addr.o(.bss) for __rt_fp_status_addr_data
    rt_fp_status_addr_intlibspace.o(.text) refers to libspace.o(.bss) for __libspace_start
    __raise.o(.text) refers to defsig.o(CL$$defsig) for __default_signal_handler
    __raise.o(.text) refers to __raise.o(i.__ARM_common_call_via_r2) for __ARM_common_call_via_r2
    defsig_general.o(.text) refers to sys_wrch.o(.text) for _ttywrch
    argv_veneer.o(.emb_text) refers to no_argv.o(.text) for __ARM_get_argv
    sys_wrch.o(.text) refers (Special) to use_no_semi.o(.text) for __I$use$semihosting
    defsig.o(CL$$defsig) refers to defsig_fpe_inner.o(.text) for __rt_SIGFPE_inner
    defsig.o(CL$$defsig) refers to defsig_rtmem_inner.o(.text) for __rt_SIGRTMEM_inner
    _get_argv_nomalloc.o(.text) refers (Special) to hrguard.o(.text) for __heap_region$guard
    _get_argv_nomalloc.o(.text) refers to defsig_rtmem_outer.o(.text) for __rt_SIGRTMEM
    _get_argv_nomalloc.o(.text) refers to sys_command.o(.text) for _sys_command_string
    libshutdown.o(.ARM.Collect$$libshutdown$$00000000) refers (Special) to libshutdown2.o(.ARM.Collect$$libshutdown$$00000006) for __rt_lib_shutdown_fp_trap_1
    libshutdown.o(.ARM.Collect$$libshutdown$$00000000) refers (Special) to libshutdown2.o(.ARM.Collect$$libshutdown$$0000000E) for __rt_lib_shutdown_heap_1
    libshutdown.o(.ARM.Collect$$libshutdown$$00000000) refers (Special) to libshutdown2.o(.ARM.Collect$$libshutdown$$0000000F) for __rt_lib_shutdown_return
    libshutdown.o(.ARM.Collect$$libshutdown$$00000000) refers (Special) to libshutdown2.o(.ARM.Collect$$libshutdown$$00000009) for __rt_lib_shutdown_signal_1
    libshutdown.o(.ARM.Collect$$libshutdown$$00000000) refers (Special) to libshutdown2.o(.ARM.Collect$$libshutdown$$00000003) for __rt_lib_shutdown_stdio_1
    libshutdown.o(.ARM.Collect$$libshutdown$$00000000) refers (Special) to libshutdown2.o(.ARM.Collect$$libshutdown$$0000000B) for __rt_lib_shutdown_user_alloc_1
    sys_command.o(.text) refers (Special) to use_no_semi.o(.text) for __I$use$semihosting
    defsig_abrt_inner.o(.text) refers to defsig_general.o(.text) for __default_signal_display
    defsig_rtred_inner.o(.text) refers to defsig_general.o(.text) for __default_signal_display
    defsig_rtmem_inner.o(.text) refers to defsig_general.o(.text) for __default_signal_display
    defsig_rtmem_outer.o(.text) refers to defsig_rtmem_inner.o(.text) for __rt_SIGRTMEM_inner
    defsig_rtmem_outer.o(.text) refers to defsig_exit.o(.text) for __sig_exit
    defsig_rtmem_formal.o(.text) refers to rt_raise.o(.text) for __rt_raise
    defsig_stak_inner.o(.text) refers to defsig_general.o(.text) for __default_signal_display
    defsig_pvfn_inner.o(.text) refers to defsig_general.o(.text) for __default_signal_display
    defsig_cppl_inner.o(.text) refers to defsig_general.o(.text) for __default_signal_display
    defsig_segv_inner.o(.text) refers to defsig_general.o(.text) for __default_signal_display
    defsig_other.o(.text) refers to defsig_general.o(.text) for __default_signal_display


==============================================================================

Adding Veneers to the image

    Adding AT veneer (8 bytes, Inline) for call to '__rt_lib_init' from rtentry2.o(.ARM.Collect$$rtentry$$0000000A).
    Adding AT veneer (8 bytes, Inline) for call to '__rt_lib_shutdown' from rtexit2.o(.ARM.Collect$$rtexit$$00000003).
    Adding TA veneer (4 bytes, Inline) for call to '__rt_exit' from exit.o(.text).
    Adding TA veneer (4 bytes, Inline) for call to '_fp_init' from libinit.o(.ARM.Collect$$libinit$$00000000).

4 Veneer(s) (total 24 bytes) added to the image.

==============================================================================

Image Symbol Table

    Local Symbols

    Symbol Name                              Value     Ov Type        Size  Object(Section)

    RESET                                    0x00000000   Section      272  startup.o(RESET)
    ../../angel/boardlib.s                   0x00000000   Number         0  boardinit2.o ABSOLUTE
    ../../angel/boardlib.s                   0x00000000   Number         0  boardinit3.o ABSOLUTE
    ../../angel/boardlib.s                   0x00000000   Number         0  boardinit1.o ABSOLUTE
    ../../angel/boardlib.s                   0x00000000   Number         0  boardshut.o ABSOLUTE
    ../../angel/dczerorl.s                   0x00000000   Number         0  __dczerorl.o ABSOLUTE
    ../../angel/handlers.s                   0x00000000   Number         0  __scatter_zi.o ABSOLUTE
    ../../angel/kernel.s                     0x00000000   Number         0  rtentry4.o ABSOLUTE
    ../../angel/kernel.s                     0x00000000   Number         0  rtexit.o ABSOLUTE
    ../../angel/kernel.s                     0x00000000   Number         0  rtentry2.o ABSOLUTE
    ../../angel/kernel.s                     0x00000000   Number         0  rtentry.o ABSOLUTE
    ../../angel/kernel.s                     0x00000000   Number         0  rtexit2.o ABSOLUTE
    ../../angel/rt.s                         0x00000000   Number         0  rt_div0.o ABSOLUTE
    ../../angel/rt.s                         0x00000000   Number         0  rt_raise.o ABSOLUTE
    ../../angel/rt.s                         0x00000000   Number         0  rt_fp_status_addr.o ABSOLUTE
    ../../angel/rt.s                         0x00000000   Number         0  aeabi_idiv0_sigfpe.o ABSOLUTE
    ../../angel/rt.s                         0x00000000   Number         0  aeabi_idiv0.o ABSOLUTE
    ../../angel/rt.s                         0x00000000   Number         0  rt_fp_status_addr_intlibspace.o ABSOLUTE
    ../../angel/scatter.s                    0x00000000   Number         0  __scatter.o ABSOLUTE
    ../../angel/startup.s                    0x00000000   Number         0  __main.o ABSOLUTE
    ../../angel/sys.s                        0x00000000   Number         0  libspace.o ABSOLUTE
    ../../angel/sys.s                        0x00000000   Number         0  sys_exit.o ABSOLUTE
    ../../angel/sys.s                        0x00000000   Number         0  use_no_semi.o ABSOLUTE
    ../../angel/sys.s                        0x00000000   Number         0  sys_stackheap_outer.o ABSOLUTE
    ../../angel/sysapp.c                     0x00000000   Number         0  sys_wrch.o ABSOLUTE
    ../../angel/sysapp.c                     0x00000000   Number         0  sys_command.o ABSOLUTE
    ../../armsys.c                           0x00000000   Number         0  _get_argv_nomalloc.o ABSOLUTE
    ../../armsys.c                           0x00000000   Number         0  argv_veneer.o ABSOLUTE
    ../../armsys.c                           0x00000000   Number         0  no_argv.o ABSOLUTE
    ../../armsys.c                           0x00000000   Number         0  argv_veneer.o ABSOLUTE
    ../../dcheck.s                           0x00000000   Number         0  dcheck.o ABSOLUTE
    ../../dcheck1.s                          0x00000000   Number         0  dcheck1.o ABSOLUTE
    ../../dfixu.s                            0x00000000   Number         0  dfixu.o ABSOLUTE
    ../../dflt.s                             0x00000000   Number         0  dflt_noclz.o ABSOLUTE
    ../../division.s                         0x00000000   Number         0  aeabi_sdiv_div0.o ABSOLUTE
    ../../division.s                         0x00000000   Number         0  aeabi_sdiv.o ABSOLUTE
    ../../divrt.s                            0x00000000   Number         0  divrt_7tdmi_div0.o ABSOLUTE
    ../../divrt.s                            0x00000000   Number         0  divrt_7tdmi.o ABSOLUTE
    ../../dmul.s                             0x00000000   Number         0  dmul.o ABSOLUTE
    ../../dunder.s                           0x00000000   Number         0  dunder.o ABSOLUTE
    ../../fpinit.s                           0x00000000   Number         0  fpinit.o ABSOLUTE
    ../../heapalloc.c                        0x00000000   Number         0  hrguard.o ABSOLUTE
    ../../heapaux.c                          0x00000000   Number         0  heapauxi.o ABSOLUTE
    ../../libinit.s                          0x00000000   Number         0  libinit2.o ABSOLUTE
    ../../libinit.s                          0x00000000   Number         0  libshutdown2.o ABSOLUTE
    ../../libinit.s                          0x00000000   Number         0  libshutdown.o ABSOLUTE
    ../../libinit.s                          0x00000000   Number         0  libinit.o ABSOLUTE
    ../../retnan.s                           0x00000000   Number         0  retnan.o ABSOLUTE
    ../../signal.c                           0x00000000   Number         0  defsig_other.o ABSOLUTE
    ../../signal.c                           0x00000000   Number         0  defsig_cppl_inner.o ABSOLUTE
    ../../signal.c                           0x00000000   Number         0  __raise.o ABSOLUTE
    ../../signal.c                           0x00000000   Number         0  defsig_abrt_inner.o ABSOLUTE
    ../../signal.c                           0x00000000   Number         0  defsig_segv_inner.o ABSOLUTE
    ../../signal.c                           0x00000000   Number         0  defsig_fpe_inner.o ABSOLUTE
    ../../signal.c                           0x00000000   Number         0  defsig_fpe_formal.o ABSOLUTE
    ../../signal.c                           0x00000000   Number         0  defsig_rtmem_inner.o ABSOLUTE
    ../../signal.c                           0x00000000   Number         0  defsig_general.o ABSOLUTE
    ../../signal.c                           0x00000000   Number         0  defsig_rtred_inner.o ABSOLUTE
    ../../signal.c                           0x00000000   Number         0  defsig_rtmem_outer.o ABSOLUTE
    ../../signal.c                           0x00000000   Number         0  defsig_rtmem_formal.o ABSOLUTE
    ../../signal.c                           0x00000000   Number         0  defsig_fpe_outer.o ABSOLUTE
    ../../signal.c                           0x00000000   Number         0  defsig_stak_inner.o ABSOLUTE
    ../../signal.c                           0x00000000   Number         0  defsig_exit.o ABSOLUTE
    ../../signal.c                           0x00000000   Number         0  defsig_pvfn_inner.o ABSOLUTE
    ../../signal.s                           0x00000000   Number         0  defsig.o ABSOLUTE
    ../../stdlib.c                           0x00000000   Number         0  exit.o ABSOLUTE
    ../../trapv.s                            0x00000000   Number         0  trapv.o ABSOLUTE
    ../../usenofp.s                          0x00000000   Number         0  usenofp.o ABSOLUTE
    LCD.c                                    0x00000000   Number         0  lcd.o ABSOLUTE
    Startup.s                                0x00000000   Number         0  startup.o ABSOLUTE
    UART0.c                                  0x00000000   Number         0  uart0.o ABSOLUTE
    UART1.c                                  0x00000000   Number         0  uart1.o ABSOLUTE
    adc.c                                    0x00000000   Number         0  adc.o ABSOLUTE
    dc.s                                     0x00000000   Number         0  dc.o ABSOLUTE
    eeprom.c                                 0x00000000   Number         0  eeprom.o ABSOLUTE
    main.c                                   0x00000000   Number         0  main.o ABSOLUTE
    rtc.c                                    0x00000000   Number         0  rtc.o ABSOLUTE
    spi_mmc.c                                0x00000000   Number         0  spi_mmc.o ABSOLUTE
    Undef_Handler                            0x00000040   ARM Code       4  startup.o(RESET)
    SWI_Handler                              0x00000044   ARM Code       4  startup.o(RESET)
    PAbt_Handler                             0x00000048   ARM Code       4  startup.o(RESET)
    DAbt_Handler                             0x0000004c   ARM Code       4  startup.o(RESET)
    IRQ_Handler                              0x00000050   ARM Code       4  startup.o(RESET)
    FIQ_Handler                              0x00000054   ARM Code       4  startup.o(RESET)
    !!!main                                  0x00000110   Section        8  __main.o(!!!main)
    !!!scatter                               0x00000118   Section       60  __scatter.o(!!!scatter)
    !!dczerorl                               0x00000154   Section       68  __dczerorl.o(!!dczerorl)
    !!handler_zi                             0x00000198   Section       44  __scatter_zi.o(!!handler_zi)
    .ARM.Collect$$libinit$$00000000          0x000001cc   Section        6  libinit.o(.ARM.Collect$$libinit$$00000000)
    .ARM.Collect$$libinit$$00000006          0x000001d2   Section        0  libinit2.o(.ARM.Collect$$libinit$$00000006)
    .ARM.Collect$$libinit$$00000008          0x000001d2   Section        0  libinit2.o(.ARM.Collect$$libinit$$00000008)
    .ARM.Collect$$libinit$$0000000A          0x000001d2   Section        0  libinit2.o(.ARM.Collect$$libinit$$0000000A)
    .ARM.Collect$$libinit$$0000000D          0x000001d2   Section        0  libinit2.o(.ARM.Collect$$libinit$$0000000D)
    .ARM.Collect$$libinit$$0000000F          0x000001d2   Section        0  libinit2.o(.ARM.Collect$$libinit$$0000000F)
    .ARM.Collect$$libinit$$00000011          0x000001d2   Section        0  libinit2.o(.ARM.Collect$$libinit$$00000011)
    .ARM.Collect$$libinit$$00000013          0x000001d2   Section        0  libinit2.o(.ARM.Collect$$libinit$$00000013)
    .ARM.Collect$$libinit$$00000015          0x000001d2   Section        0  libinit2.o(.ARM.Collect$$libinit$$00000015)
    .ARM.Collect$$libinit$$00000017          0x000001d2   Section        0  libinit2.o(.ARM.Collect$$libinit$$00000017)
    .ARM.Collect$$libinit$$00000019          0x000001d2   Section        0  libinit2.o(.ARM.Collect$$libinit$$00000019)
    .ARM.Collect$$libinit$$0000001B          0x000001d2   Section        0  libinit2.o(.ARM.Collect$$libinit$$0000001B)
    .ARM.Collect$$libinit$$0000001D          0x000001d2   Section        0  libinit2.o(.ARM.Collect$$libinit$$0000001D)
    .ARM.Collect$$libinit$$0000001F          0x000001d2   Section        0  libinit2.o(.ARM.Collect$$libinit$$0000001F)
    .ARM.Collect$$libinit$$00000021          0x000001d2   Section        0  libinit2.o(.ARM.Collect$$libinit$$00000021)
    .ARM.Collect$$libinit$$00000028          0x000001d2   Section        0  libinit2.o(.ARM.Collect$$libinit$$00000028)
    .ARM.Collect$$libinit$$0000002A          0x000001d2   Section        0  libinit2.o(.ARM.Collect$$libinit$$0000002A)
    .ARM.Collect$$libinit$$0000002C          0x000001d2   Section        0  libinit2.o(.ARM.Collect$$libinit$$0000002C)
    .ARM.Collect$$libinit$$0000002E          0x000001d2   Section        0  libinit2.o(.ARM.Collect$$libinit$$0000002E)
    .ARM.Collect$$libinit$$0000002F          0x000001d2   Section       12  libinit2.o(.ARM.Collect$$libinit$$0000002F)
    .ARM.Collect$$libshutdown$$00000000      0x000001e8   Section        4  libshutdown.o(.ARM.Collect$$libshutdown$$00000000)
    .ARM.Collect$$libshutdown$$00000003      0x000001ec   Section        0  libshutdown2.o(.ARM.Collect$$libshutdown$$00000003)
    .ARM.Collect$$libshutdown$$00000006      0x000001ec   Section        0  libshutdown2.o(.ARM.Collect$$libshutdown$$00000006)
    .ARM.Collect$$libshutdown$$00000009      0x000001ec   Section        0  libshutdown2.o(.ARM.Collect$$libshutdown$$00000009)
    .ARM.Collect$$libshutdown$$0000000B      0x000001ec   Section        0  libshutdown2.o(.ARM.Collect$$libshutdown$$0000000B)
    .ARM.Collect$$libshutdown$$0000000E      0x000001ec   Section        0  libshutdown2.o(.ARM.Collect$$libshutdown$$0000000E)
    .ARM.Collect$$libshutdown$$0000000F      0x000001ec   Section        6  libshutdown2.o(.ARM.Collect$$libshutdown$$0000000F)
    .ARM.Collect$$rtentry$$00000000          0x000001f4   Section        0  rtentry.o(.ARM.Collect$$rtentry$$00000000)
    .ARM.Collect$$rtentry$$00000002          0x000001f4   Section        0  rtentry2.o(.ARM.Collect$$rtentry$$00000002)
    .ARM.Collect$$rtentry$$00000004          0x000001f4   Section        8  rtentry4.o(.ARM.Collect$$rtentry$$00000004)
    .ARM.Collect$$rtentry$$00000009          0x000001fc   Section        0  rtentry2.o(.ARM.Collect$$rtentry$$00000009)
    .ARM.Collect$$rtentry$$0000000A          0x000001fc   Section        4  rtentry2.o(.ARM.Collect$$rtentry$$0000000A)
    .ARM.Collect$$rtentry$$0000000C          0x00000200   Section        0  rtentry2.o(.ARM.Collect$$rtentry$$0000000C)
    .ARM.Collect$$rtentry$$0000000D          0x00000200   Section       40  rtentry2.o(.ARM.Collect$$rtentry$$0000000D)
    .ARM.Collect$$rtexit$$00000000           0x0000022c   Section        4  rtexit.o(.ARM.Collect$$rtexit$$00000000)
    .ARM.Collect$$rtexit$$00000002           0x00000230   Section        0  rtexit2.o(.ARM.Collect$$rtexit$$00000002)
    .ARM.Collect$$rtexit$$00000003           0x00000230   Section        4  rtexit2.o(.ARM.Collect$$rtexit$$00000003)
    .ARM.Collect$$rtexit$$00000004           0x00000234   Section        8  rtexit2.o(.ARM.Collect$$rtexit$$00000004)
    .text                                    0x0000023c   Section       32  startup.o(.text)
    .text                                    0x0000025c   Section        0  main.o(.text)
    .text                                    0x0000148c   Section        0  lcd.o(.text)
    .text                                    0x00001724   Section        0  eeprom.o(.text)
    .text                                    0x00001abc   Section        0  uart0.o(.text)
    .text                                    0x00001b68   Section        0  spi_mmc.o(.text)
    .text                                    0x000021b8   Section        0  adc.o(.text)
    .text                                    0x0000224c   Section        0  rtc.o(.text)
    .text                                    0x00002368   Section        0  uart1.o(.text)
    .text                                    0x00002414   Section      384  aeabi_sdiv.o(.text)
    __arm_div8                               0x00002440   ARM Code       0  aeabi_sdiv.o(.text)
    __arm_div4                               0x00002470   ARM Code       0  aeabi_sdiv.o(.text)
    __arm_div_large                          0x000024c4   ARM Code       0  aeabi_sdiv.o(.text)
    .text                                    0x00002594   Section        0  heapauxi.o(.text)
    .text                                    0x0000259c   Section       96  sys_stackheap_outer.o(.text)
    .text                                    0x000025fc   Section        0  exit.o(.text)
    .text                                    0x00002608   Section       12  libspace.o(.text)
    .text                                    0x00002614   Section       24  sys_exit.o(.text)
    .text                                    0x0000262c   Section       16  rt_fp_status_addr_intlibspace.o(.text)
    .text                                    0x0000263c   Section        4  use_no_semi.o(.text)
    .text_udiv                               0x00002640   Section       28  aeabi_sdiv.o(.text_udiv)
    x$fpl$dcheck                             0x0000265c   Section       16  dcheck.o(x$fpl$dcheck)
    x$fpl$dcheck1                            0x0000266c   Section       16  dcheck1.o(x$fpl$dcheck1)
    x$fpl$dfixu                              0x0000267c   Section      136  dfixu.o(x$fpl$dfixu)
    x$fpl$dflt                               0x00002704   Section       88  dflt_noclz.o(x$fpl$dflt)
    x$fpl$dfltu                              0x0000275c   Section       12  dflt_noclz.o(x$fpl$dfltu)
    x$fpl$dmul                               0x00002768   Section      476  dmul.o(x$fpl$dmul)
    x$fpl$dunder                             0x00002944   Section      280  dunder.o(x$fpl$dunder)
    x$fpl$fpinit                             0x00002a60   Section       24  fpinit.o(x$fpl$fpinit)
    x$fpl$retnan                             0x00002a78   Section      116  retnan.o(x$fpl$retnan)
    x$fpl$trapveneer                         0x00002aec   Section       60  trapv.o(x$fpl$trapveneer)
    .constdata                               0x00002b28   Section       16  main.o(.constdata)
    x$fpl$usenofp                            0x00002b28   Section        0  usenofp.o(x$fpl$usenofp)
    .data                                    0x40000000   Section        6  main.o(.data)
    .data                                    0x40000006   Section       18  eeprom.o(.data)
    .data                                    0x40000018   Section      519  spi_mmc.o(.data)
    .data                                    0x40000220   Section       24  adc.o(.data)
    .data                                    0x40000238   Section       14  rtc.o(.data)
    .bss                                     0x40000248   Section       16  eeprom.o(.bss)
    .bss                                     0x40000258   Section      512  spi_mmc.o(.bss)
    .bss                                     0x40000458   Section       96  libspace.o(.bss)
    HEAP                                     0x400004b8   Section        0  startup.o(HEAP)
    STACK                                    0x400004b8   Section     1160  startup.o(STACK)
    Heap_Mem                                 0x400004b8   Data           0  startup.o(HEAP)
    Stack_Mem                                0x400004b8   Data        1024  startup.o(STACK)
    Stack_Top                                0x40000940   Data           0  startup.o(STACK)

    Global Symbols

    Symbol Name                              Value     Ov Type        Size  Object(Section)

    BuildAttributes$$THM_ISAv1$ARM_ISAv4$S$PE$A:L22$X:L11$S22$IEEE1$IW$USESV6$~STKCKD$USESV7$~SHL$OSPACE$ROPI$EBA8$UX$STANDARDLIB$REQ8$PRES8$EABIv2 0x00000000   Number         0  anon$$obj.o ABSOLUTE
    __ARM_use_no_argv                        0x00000000   Number         0  main.o ABSOLUTE
    __ARM_exceptions_init                     - Undefined Weak Reference
    __alloca_initialize                       - Undefined Weak Reference
    __cpp_initialize__aeabi_                  - Undefined Weak Reference
    __cxa_finalize                            - Undefined Weak Reference
    __fpl_infinity                            - Undefined Weak Reference
    __rt_locale                               - Undefined Weak Reference
    __sigvec_lookup                           - Undefined Weak Reference
    _atexit_init                              - Undefined Weak Reference
    _call_atexit_fns                          - Undefined Weak Reference
    _clock_init                               - Undefined Weak Reference
    _fp_trap_init                             - Undefined Weak Reference
    _fp_trap_shutdown                         - Undefined Weak Reference
    _get_lc_collate                           - Undefined Weak Reference
    _get_lc_ctype                             - Undefined Weak Reference
    _get_lc_monetary                          - Undefined Weak Reference
    _get_lc_numeric                           - Undefined Weak Reference
    _get_lc_time                              - Undefined Weak Reference
    _getenv_init                              - Undefined Weak Reference
    _handle_redirection                       - Undefined Weak Reference
    _init_alloc                               - Undefined Weak Reference
    _init_user_alloc                          - Undefined Weak Reference
    _initio                                   - Undefined Weak Reference
    _rand_init                                - Undefined Weak Reference
    _signal_finish                            - Undefined Weak Reference
    _signal_init                              - Undefined Weak Reference
    _terminate_alloc                          - Undefined Weak Reference
    _terminate_user_alloc                     - Undefined Weak Reference
    _terminateio                              - Undefined Weak Reference
    Reset_Handler                            0x00000058   ARM Code       0  startup.o(RESET)
    __main                                   0x00000110   ARM Code       8  __main.o(!!!main)
    __scatterload                            0x00000118   ARM Code       0  __scatter.o(!!!scatter)
    __scatterload_rt2                        0x00000118   ARM Code      52  __scatter.o(!!!scatter)
    __scatterload_null                       0x0000012c   ARM Code       0  __scatter.o(!!!scatter)
    __decompress                             0x00000154   ARM Code      68  __dczerorl.o(!!dczerorl)
    __decompress0                            0x00000154   ARM Code       0  __dczerorl.o(!!dczerorl)
    __scatterload_zeroinit                   0x00000198   ARM Code      44  __scatter_zi.o(!!handler_zi)
    Inline ARM to Thumb Veneer to __rt_lib_init 0x000001c4   ARM Code       8  libinit.o(.ARM.Collect$$libinit$$00000000)
    __rt_lib_init                            0x000001cd   Thumb Code     0  libinit.o(.ARM.Collect$$libinit$$00000000)
    __rt_lib_init_alloca_1                   0x000001d3   Thumb Code     0  libinit2.o(.ARM.Collect$$libinit$$0000002A)
    __rt_lib_init_argv_1                     0x000001d3   Thumb Code     0  libinit2.o(.ARM.Collect$$libinit$$00000028)
    __rt_lib_init_atexit_1                   0x000001d3   Thumb Code     0  libinit2.o(.ARM.Collect$$libinit$$00000017)
    __rt_lib_init_clock_1                    0x000001d3   Thumb Code     0  libinit2.o(.ARM.Collect$$libinit$$0000001D)
    __rt_lib_init_cpp_1                      0x000001d3   Thumb Code     0  libinit2.o(.ARM.Collect$$libinit$$0000002E)
    __rt_lib_init_exceptions_1               0x000001d3   Thumb Code     0  libinit2.o(.ARM.Collect$$libinit$$0000002C)
    __rt_lib_init_fp_trap_1                  0x000001d3   Thumb Code     0  libinit2.o(.ARM.Collect$$libinit$$0000001B)
    __rt_lib_init_getenv_1                   0x000001d3   Thumb Code     0  libinit2.o(.ARM.Collect$$libinit$$0000001F)
    __rt_lib_init_heap_1                     0x000001d3   Thumb Code     0  libinit2.o(.ARM.Collect$$libinit$$00000006)
    __rt_lib_init_lc_collate_1               0x000001d3   Thumb Code     0  libinit2.o(.ARM.Collect$$libinit$$0000000D)
    __rt_lib_init_lc_ctype_1                 0x000001d3   Thumb Code     0  libinit2.o(.ARM.Collect$$libinit$$0000000F)
    __rt_lib_init_lc_monetary_1              0x000001d3   Thumb Code     0  libinit2.o(.ARM.Collect$$libinit$$00000011)
    __rt_lib_init_lc_numeric_1               0x000001d3   Thumb Code     0  libinit2.o(.ARM.Collect$$libinit$$00000013)
    __rt_lib_init_lc_time_1                  0x000001d3   Thumb Code     0  libinit2.o(.ARM.Collect$$libinit$$00000015)
    __rt_lib_init_rand_1                     0x000001d3   Thumb Code     0  libinit2.o(.ARM.Collect$$libinit$$0000000A)
    __rt_lib_init_return                     0x000001d3   Thumb Code     0  libinit2.o(.ARM.Collect$$libinit$$0000002F)
    __rt_lib_init_signal_1                   0x000001d3   Thumb Code     0  libinit2.o(.ARM.Collect$$libinit$$00000019)
    __rt_lib_init_stdio_1                    0x000001d3   Thumb Code     0  libinit2.o(.ARM.Collect$$libinit$$00000021)
    __rt_lib_init_user_alloc_1               0x000001d3   Thumb Code     0  libinit2.o(.ARM.Collect$$libinit$$00000008)
    Inline ARM to Thumb Veneer to __rt_lib_shutdown 0x000001e0   ARM Code       8  libshutdown.o(.ARM.Collect$$libshutdown$$00000000)
    __rt_lib_shutdown                        0x000001e9   Thumb Code     0  libshutdown.o(.ARM.Collect$$libshutdown$$00000000)
    __rt_lib_shutdown_fp_trap_1              0x000001ed   Thumb Code     0  libshutdown2.o(.ARM.Collect$$libshutdown$$00000006)
    __rt_lib_shutdown_heap_1                 0x000001ed   Thumb Code     0  libshutdown2.o(.ARM.Collect$$libshutdown$$0000000E)
    __rt_lib_shutdown_return                 0x000001ed   Thumb Code     0  libshutdown2.o(.ARM.Collect$$libshutdown$$0000000F)
    __rt_lib_shutdown_signal_1               0x000001ed   Thumb Code     0  libshutdown2.o(.ARM.Collect$$libshutdown$$00000009)
    __rt_lib_shutdown_stdio_1                0x000001ed   Thumb Code     0  libshutdown2.o(.ARM.Collect$$libshutdown$$00000003)
    __rt_lib_shutdown_user_alloc_1           0x000001ed   Thumb Code     0  libshutdown2.o(.ARM.Collect$$libshutdown$$0000000B)
    __rt_entry                               0x000001f4   ARM Code       0  rtentry.o(.ARM.Collect$$rtentry$$00000000)
    __rt_entry_presh_1                       0x000001f4   ARM Code       0  rtentry2.o(.ARM.Collect$$rtentry$$00000002)
    __rt_entry_sh                            0x000001f4   ARM Code       0  rtentry4.o(.ARM.Collect$$rtentry$$00000004)
    __rt_entry_li                            0x000001fc   ARM Code       0  rtentry2.o(.ARM.Collect$$rtentry$$0000000A)
    __rt_entry_postsh_1                      0x000001fc   ARM Code       0  rtentry2.o(.ARM.Collect$$rtentry$$00000009)
    __rt_entry_main                          0x00000200   ARM Code       0  rtentry2.o(.ARM.Collect$$rtentry$$0000000D)
    __rt_entry_postli_1                      0x00000200   ARM Code       0  rtentry2.o(.ARM.Collect$$rtentry$$0000000C)
    Inline Thumb to ARM Veneer to __rt_exit  0x00000229   Thumb Code     4  rtexit.o(.ARM.Collect$$rtexit$$00000000)
    __rt_exit                                0x0000022c   ARM Code       0  rtexit.o(.ARM.Collect$$rtexit$$00000000)
    __rt_exit_ls                             0x00000230   ARM Code       0  rtexit2.o(.ARM.Collect$$rtexit$$00000003)
    __rt_exit_prels_1                        0x00000230   ARM Code       0  rtexit2.o(.ARM.Collect$$rtexit$$00000002)
    __rt_exit_exit                           0x00000234   ARM Code       0  rtexit2.o(.ARM.Collect$$rtexit$$00000004)
    __user_initial_stackheap                 0x0000023c   ARM Code       0  startup.o(.text)
    Delay                                    0x0000025c   ARM Code      48  main.o(.text)
    Init_IO                                  0x0000028c   ARM Code      56  main.o(.text)
    InitPeripherals                          0x000002c4   ARM Code      44  main.o(.text)
    main                                     0x000002f0   ARM Code    4508  main.o(.text)
    LCD_Delay                                0x0000148c   ARM Code      44  lcd.o(.text)
    Busy_Wait                                0x000014b8   ARM Code     184  lcd.o(.text)
    LCD_Command                              0x00001570   ARM Code     180  lcd.o(.text)
    LCD_Data                                 0x00001624   ARM Code     164  lcd.o(.text)
    LCD_Init                                 0x000016c8   ARM Code      44  lcd.o(.text)
    LCD_String                               0x000016f4   ARM Code      44  lcd.o(.text)
    Send_Start                               0x00001724   ARM Code      16  eeprom.o(.text)
    Send_Stop                                0x00001734   ARM Code      16  eeprom.o(.text)
    I2C_Status                               0x00001744   ARM Code      68  eeprom.o(.text)
    Send_I2C                                 0x00001788   ARM Code      84  eeprom.o(.text)
    Read_I2C                                 0x000017dc   ARM Code     156  eeprom.o(.text)
    Page_Write                               0x00001878   ARM Code     156  eeprom.o(.text)
    Page_Read                                0x00001914   ARM Code     228  eeprom.o(.text)
    I2C0_Status                              0x000019f8   ARM Code      60  eeprom.o(.text)
    I2C_Init                                 0x00001a34   ARM Code     112  eeprom.o(.text)
    Init_UART0                               0x00001abc   ARM Code      80  uart0.o(.text)
    UART0_SendByte                           0x00001b0c   ARM Code      32  uart0.o(.text)
    UART0_SendStr                            0x00001b2c   ARM Code      52  uart0.o(.text)
    SPI_Init                                 0x00001b68   ARM Code     120  spi_mmc.o(.text)
    SPI_Send                                 0x00001be0   ARM Code      84  spi_mmc.o(.text)
    SPI_ReceiveByte                          0x00001c34   ARM Code      48  spi_mmc.o(.text)
    SPI_Receive                              0x00001c64   ARM Code      52  spi_mmc.o(.text)
    mmc_response                             0x00001c98   ARM Code      80  spi_mmc.o(.text)
    mmc_init                                 0x00001ce8   ARM Code     516  spi_mmc.o(.text)
    mmc_wait_for_write_finish                0x00001eec   ARM Code      72  spi_mmc.o(.text)
    mmc_write_block                          0x00001f34   ARM Code     348  spi_mmc.o(.text)
    mmc_read_block                           0x00002090   ARM Code     260  spi_mmc.o(.text)
    DECtoASCII                               0x000021b8   ARM Code      84  adc.o(.text)
    ADC_Init                                 0x0000220c   ARM Code      52  adc.o(.text)
    read_rtc                                 0x0000224c   ARM Code     104  rtc.o(.text)
    Init_RTC                                 0x000022b4   ARM Code      92  rtc.o(.text)
    RTC_DECtoASCII                           0x00002310   ARM Code      64  rtc.o(.text)
    Init_UART1                               0x00002368   ARM Code      80  uart1.o(.text)
    UART1_SendByte                           0x000023b8   ARM Code      32  uart1.o(.text)
    UART1_SendStr                            0x000023d8   ARM Code      52  uart1.o(.text)
    __aeabi_idiv                             0x00002414   ARM Code       0  aeabi_sdiv.o(.text)
    __aeabi_idivmod                          0x00002414   ARM Code     384  aeabi_sdiv.o(.text)
    __use_two_region_memory                  0x00002595   Thumb Code     2  heapauxi.o(.text)
    __rt_heap_escrow$2region                 0x00002597   Thumb Code     2  heapauxi.o(.text)
    __rt_heap_expand$2region                 0x00002599   Thumb Code     2  heapauxi.o(.text)
    __user_setup_stackheap                   0x0000259c   ARM Code      96  sys_stackheap_outer.o(.text)
    exit                                     0x000025fd   Thumb Code    12  exit.o(.text)
    __user_libspace                          0x00002608   ARM Code      12  libspace.o(.text)
    __user_perproc_libspace                  0x00002608   ARM Code       0  libspace.o(.text)
    __user_perthread_libspace                0x00002608   ARM Code       0  libspace.o(.text)
    _sys_exit                                0x00002614   ARM Code      20  sys_exit.o(.text)
    __rt_fp_status_addr                      0x0000262c   ARM Code      16  rt_fp_status_addr_intlibspace.o(.text)
    __I$use$semihosting                      0x0000263c   ARM Code       0  use_no_semi.o(.text)
    __use_no_semihosting_swi                 0x0000263c   ARM Code       4  use_no_semi.o(.text)
    __aeabi_uidiv                            0x00002640   ARM Code       0  aeabi_sdiv.o(.text_udiv)
    __aeabi_uidivmod                         0x00002640   ARM Code      28  aeabi_sdiv.o(.text_udiv)
    __fpl_dcheck_NaN2                        0x0000265c   ARM Code      12  dcheck.o(x$fpl$dcheck)
    __fpl_dcheck_NaN1                        0x0000266c   ARM Code      12  dcheck1.o(x$fpl$dcheck1)
    __aeabi_d2uiz                            0x0000267c   ARM Code       0  dfixu.o(x$fpl$dfixu)
    _dfixu                                   0x0000267c   ARM Code     132  dfixu.o(x$fpl$dfixu)
    __fpl_inf_dfixu                          0x000026f8   ARM Code       0  dfixu.o(x$fpl$dfixu)
    __aeabi_i2d                              0x00002704   ARM Code       0  dflt_noclz.o(x$fpl$dflt)
    _dflt                                    0x00002704   ARM Code      88  dflt_noclz.o(x$fpl$dflt)
    __dflt_normalise                         0x00002714   ARM Code       0  dflt_noclz.o(x$fpl$dflt)
    __aeabi_ui2d                             0x0000275c   ARM Code       0  dflt_noclz.o(x$fpl$dfltu)
    _dfltu                                   0x0000275c   ARM Code      12  dflt_noclz.o(x$fpl$dfltu)
    __aeabi_dmul                             0x00002768   ARM Code       0  dmul.o(x$fpl$dmul)
    _dmul                                    0x00002768   ARM Code     460  dmul.o(x$fpl$dmul)
    __fpl_inf_dmul                           0x00002900   ARM Code       0  dmul.o(x$fpl$dmul)
    __dunder                                 0x00002944   ARM Code     276  dunder.o(x$fpl$dunder)
    __dunder_d                               0x00002a58   ARM Code       4  dunder.o(x$fpl$dunder)
    Inline Thumb to ARM Veneer to _fp_init   0x00002a5d   Thumb Code     4  fpinit.o(x$fpl$fpinit)
    _fp_init                                 0x00002a60   ARM Code      24  fpinit.o(x$fpl$fpinit)
    __fplib_config_pureend_doubles           0x00002a70   ARM Code       0  fpinit.o(x$fpl$fpinit)
    __fpl_return_NaN                         0x00002a78   ARM Code     116  retnan.o(x$fpl$retnan)
    __fpl_cmpreturn                          0x00002aec   ARM Code      60  trapv.o(x$fpl$trapveneer)
    Step_Sequence                            0x00002b28   Data          16  main.o(.constdata)
    __I$use$fp                               0x00002b28   ARM Code       0  usenofp.o(x$fpl$usenofp)
    Region$$Table$$Base                      0x00002b38   Number         0  anon$$obj.o(Region$$Table)
    Region$$Table$$Limit                     0x00002b58   Number         0  anon$$obj.o(Region$$Table)
    Step_Dir                                 0x40000000   Data           4  main.o(.data)
    LCD_Count                                0x40000004   Data           1  main.o(.data)
    UART_Data                                0x40000005   Data           1  main.o(.data)
    I2C_WR_Buf                               0x40000006   Data          16  eeprom.o(.data)
    Status                                   0x40000016   Data           1  eeprom.o(.data)
    Status_Flag                              0x40000017   Data           1  eeprom.o(.data)
    MMCWRData                                0x40000018   Data         512  spi_mmc.o(.data)
    MMCStatus                                0x40000218   Data           1  spi_mmc.o(.data)
    MMCCmd                                   0x40000219   Data           6  spi_mmc.o(.data)
    ADC_Data1                                0x40000220   Data           4  adc.o(.data)
    ADC_Data2                                0x40000224   Data           4  adc.o(.data)
    Temp                                     0x40000228   Data           4  adc.o(.data)
    Data                                     0x40000230   Data           8  adc.o(.data)
    hour                                     0x40000238   Data           4  rtc.o(.data)
    min                                      0x4000023c   Data           4  rtc.o(.data)
    sec                                      0x40000240   Data           4  rtc.o(.data)
    RTC                                      0x40000244   Data           2  rtc.o(.data)
    I2C_RD_Buf                               0x40000248   Data          16  eeprom.o(.bss)
    MMCRDData                                0x40000258   Data         512  spi_mmc.o(.bss)
    __libspace_start                         0x40000458   Data          96  libspace.o(.bss)
    __temporary_stack_top$libspace           0x400004b8   Data           0  libspace.o(.bss)



==============================================================================

Memory Map of the image

  Image Entry point : 0x00000110

  Load Region LR_IROM1 (Base: 0x00000000, Size: 0x00002da0, Max: 0x00080000, ABSOLUTE, COMPRESSED[0x00002b84])

    Execution Region ER_IROM1 (Base: 0x00000000, Size: 0x00002b58, Max: 0x00080000, ABSOLUTE)

    Base Addr    Size         Type   Attr      Idx    E Section Name        Object

    0x00000000   0x00000110   Code   RO            3    RESET               startup.o
    0x00000110   0x00000008   Code   RO          180  * !!!main             __main.o(c_t.l)
    0x00000118   0x0000003c   Code   RO          377    !!!scatter          __scatter.o(c_t.l)
    0x00000154   0x00000044   Code   RO          375    !!dczerorl          __dczerorl.o(c_t.l)
    0x00000198   0x0000002c   Code   RO          379    !!handler_zi        __scatter_zi.o(c_t.l)
    0x000001c4   0x00000008   Ven    RO          241    .ARM.Collect$$libinit$$00000000  libinit.o(c_t.l)
    0x000001cc   0x00000006   Code   RO          241    .ARM.Collect$$libinit$$00000000  libinit.o(c_t.l)
    0x000001d2   0x00000000   Code   RO          257    .ARM.Collect$$libinit$$00000006  libinit2.o(c_t.l)
    0x000001d2   0x00000000   Code   RO          259    .ARM.Collect$$libinit$$00000008  libinit2.o(c_t.l)
    0x000001d2   0x00000000   Code   RO          261    .ARM.Collect$$libinit$$0000000A  libinit2.o(c_t.l)
    0x000001d2   0x00000000   Code   RO          264    .ARM.Collect$$libinit$$0000000D  libinit2.o(c_t.l)
    0x000001d2   0x00000000   Code   RO          266    .ARM.Collect$$libinit$$0000000F  libinit2.o(c_t.l)
    0x000001d2   0x00000000   Code   RO          268    .ARM.Collect$$libinit$$00000011  libinit2.o(c_t.l)
    0x000001d2   0x00000000   Code   RO          270    .ARM.Collect$$libinit$$00000013  libinit2.o(c_t.l)
    0x000001d2   0x00000000   Code   RO          272    .ARM.Collect$$libinit$$00000015  libinit2.o(c_t.l)
    0x000001d2   0x00000000   Code   RO          274    .ARM.Collect$$libinit$$00000017  libinit2.o(c_t.l)
    0x000001d2   0x00000000   Code   RO          276    .ARM.Collect$$libinit$$00000019  libinit2.o(c_t.l)
    0x000001d2   0x00000000   Code   RO          278    .ARM.Collect$$libinit$$0000001B  libinit2.o(c_t.l)
    0x000001d2   0x00000000   Code   RO          280    .ARM.Collect$$libinit$$0000001D  libinit2.o(c_t.l)
    0x000001d2   0x00000000   Code   RO          282    .ARM.Collect$$libinit$$0000001F  libinit2.o(c_t.l)
    0x000001d2   0x00000000   Code   RO          284    .ARM.Collect$$libinit$$00000021  libinit2.o(c_t.l)
    0x000001d2   0x00000000   Code   RO          288    .ARM.Collect$$libinit$$00000028  libinit2.o(c_t.l)
    0x000001d2   0x00000000   Code   RO          290    .ARM.Collect$$libinit$$0000002A  libinit2.o(c_t.l)
    0x000001d2   0x00000000   Code   RO          292    .ARM.Collect$$libinit$$0000002C  libinit2.o(c_t.l)
    0x000001d2   0x00000000   Code   RO          294    .ARM.Collect$$libinit$$0000002E  libinit2.o(c_t.l)
    0x000001d2   0x0000000c   Code   RO          295    .ARM.Collect$$libinit$$0000002F  libinit2.o(c_t.l)
    0x000001de   0x00000002   PAD
    0x000001e0   0x00000008   Ven    RO          333    .ARM.Collect$$libshutdown$$00000000  libshutdown.o(c_t.l)
    0x000001e8   0x00000004   Code   RO          333    .ARM.Collect$$libshutdown$$00000000  libshutdown.o(c_t.l)
    0x000001ec   0x00000000   Code   RO          360    .ARM.Collect$$libshutdown$$00000003  libshutdown2.o(c_t.l)
    0x000001ec   0x00000000   Code   RO          363    .ARM.Collect$$libshutdown$$00000006  libshutdown2.o(c_t.l)
    0x000001ec   0x00000000   Code   RO          366    .ARM.Collect$$libshutdown$$00000009  libshutdown2.o(c_t.l)
    0x000001ec   0x00000000   Code   RO          368    .ARM.Collect$$libshutdown$$0000000B  libshutdown2.o(c_t.l)
    0x000001ec   0x00000000   Code   RO          371    .ARM.Collect$$libshutdown$$0000000E  libshutdown2.o(c_t.l)
    0x000001ec   0x00000006   Code   RO          372    .ARM.Collect$$libshutdown$$0000000F  libshutdown2.o(c_t.l)
    0x000001f2   0x00000002   PAD
    0x000001f4   0x00000000   Code   RO          192    .ARM.Collect$$rtentry$$00000000  rtentry.o(c_t.l)
    0x000001f4   0x00000000   Code   RO          206    .ARM.Collect$$rtentry$$00000002  rtentry2.o(c_t.l)
    0x000001f4   0x00000008   Code   RO          221    .ARM.Collect$$rtentry$$00000004  rtentry4.o(c_t.l)
    0x000001fc   0x00000000   Code   RO          208    .ARM.Collect$$rtentry$$00000009  rtentry2.o(c_t.l)
    0x000001fc   0x00000004   Code   RO          209    .ARM.Collect$$rtentry$$0000000A  rtentry2.o(c_t.l)
    0x00000200   0x00000000   Code   RO          211    .ARM.Collect$$rtentry$$0000000C  rtentry2.o(c_t.l)
    0x00000200   0x00000028   Code   RO          212    .ARM.Collect$$rtentry$$0000000D  rtentry2.o(c_t.l)
    0x00000228   0x00000004   Ven    RO          247    .ARM.Collect$$rtexit$$00000000  rtexit.o(c_t.l)
    0x0000022c   0x00000004   Code   RO          247    .ARM.Collect$$rtexit$$00000000  rtexit.o(c_t.l)
    0x00000230   0x00000000   Code   RO          301    .ARM.Collect$$rtexit$$00000002  rtexit2.o(c_t.l)
    0x00000230   0x00000004   Code   RO          302    .ARM.Collect$$rtexit$$00000003  rtexit2.o(c_t.l)
    0x00000234   0x00000008   Code   RO          303    .ARM.Collect$$rtexit$$00000004  rtexit2.o(c_t.l)
    0x0000023c   0x00000020   Code   RO            4    .text               startup.o
    0x0000025c   0x00001230   Code   RO           11    .text               main.o
    0x0000148c   0x00000298   Code   RO           59    .text               lcd.o
    0x00001724   0x00000398   Code   RO           71    .text               eeprom.o
    0x00001abc   0x000000ac   Code   RO           87    .text               uart0.o
    0x00001b68   0x00000650   Code   RO           99    .text               spi_mmc.o
    0x000021b8   0x00000094   Code   RO          118    .text               adc.o
    0x0000224c   0x0000011c   Code   RO          133    .text               rtc.o
    0x00002368   0x000000ac   Code   RO          148    .text               uart1.o
    0x00002414   0x00000180   Code   RO          162    .text               aeabi_sdiv.o(c_t.l)
    0x00002594   0x00000006   Code   RO          178    .text               heapauxi.o(c_t.l)
    0x0000259a   0x00000002   PAD
    0x0000259c   0x00000060   Code   RO          227    .text               sys_stackheap_outer.o(c_t.l)
    0x000025fc   0x0000000c   Code   RO          229    .text               exit.o(c_t.l)
    0x00002608   0x0000000c   Code   RO          244    .text               libspace.o(c_t.l)
    0x00002614   0x00000018   Code   RO          298    .text               sys_exit.o(c_t.l)
    0x0000262c   0x00000010   Code   RO          311    .text               rt_fp_status_addr_intlibspace.o(c_t.l)
    0x0000263c   0x00000004   Code   RO          323    .text               use_no_semi.o(c_t.l)
    0x00002640   0x0000001c   Code   RO          163    .text_udiv          aeabi_sdiv.o(c_t.l)
    0x0000265c   0x00000010   Code   RO          198    x$fpl$dcheck        dcheck.o(fz_ts.l)
    0x0000266c   0x00000010   Code   RO          200    x$fpl$dcheck1       dcheck1.o(fz_ts.l)
    0x0000267c   0x00000088   Code   RO          182    x$fpl$dfixu         dfixu.o(fz_ts.l)
    0x00002704   0x00000058   Code   RO          187    x$fpl$dflt          dflt_noclz.o(fz_ts.l)
    0x0000275c   0x0000000c   Code   RO          186    x$fpl$dfltu         dflt_noclz.o(fz_ts.l)
    0x00002768   0x000001dc   Code   RO          190    x$fpl$dmul          dmul.o(fz_ts.l)
    0x00002944   0x00000118   Code   RO          202    x$fpl$dunder        dunder.o(fz_ts.l)
    0x00002a5c   0x00000004   Ven    RO          296    x$fpl$fpinit        fpinit.o(fz_ts.l)
    0x00002a60   0x00000018   Code   RO          296    x$fpl$fpinit        fpinit.o(fz_ts.l)
    0x00002a78   0x00000074   Code   RO          225    x$fpl$retnan        retnan.o(fz_ts.l)
    0x00002aec   0x0000003c   Code   RO          242    x$fpl$trapveneer    trapv.o(fz_ts.l)
    0x00002b28   0x00000000   Code   RO          204    x$fpl$usenofp       usenofp.o(fz_ts.l)
    0x00002b28   0x00000010   Data   RO           12    .constdata          main.o
    0x00002b38   0x00000020   Data   RO          373    Region$$Table       anon$$obj.o


    Execution Region RW_IRAM1 (Base: 0x40000000, Size: 0x00000940, Max: 0x00008000, ABSOLUTE, COMPRESSED[0x0000002c])

    Base Addr    Size         Type   Attr      Idx    E Section Name        Object

    0x40000000   0x00000006   Data   RW           13    .data               main.o
    0x40000006   0x00000012   Data   RW           73    .data               eeprom.o
    0x40000018   0x00000207   Data   RW          101    .data               spi_mmc.o
    0x4000021f   0x00000001   PAD
    0x40000220   0x00000018   Data   RW          119    .data               adc.o
    0x40000238   0x0000000e   Data   RW          134    .data               rtc.o
    0x40000246   0x00000002   PAD
    0x40000248   0x00000010   Zero   RW           72    .bss                eeprom.o
    0x40000258   0x00000200   Zero   RW          100    .bss                spi_mmc.o
    0x40000458   0x00000060   Zero   RW          245    .bss                libspace.o(c_t.l)
    0x400004b8   0x00000000   Zero   RW            2    HEAP                startup.o
    0x400004b8   0x00000488   Zero   RW            1    STACK               startup.o


==============================================================================

Image component sizes


      Code (inc. data)   RO Data    RW Data    ZI Data      Debug   Object Name

       148         12          0         24          0       1114   adc.o
       920         24          0         18         16       3025   eeprom.o
       664          4          0          0          0       1443   lcd.o
      4656       1104         16          6          0       5199   main.o
       284         24          0         14          0       1282   rtc.o
      1616         36          0        519        512       3502   spi_mmc.o
       304         60          0          0       1160        440   startup.o
       172          8          0          0          0        842   uart0.o
       172          8          0          0          0        842   uart1.o

    ----------------------------------------------------------------------
      8936       1280         48        584       1688      17689   Object Totals
         0          0         32          0          0          0   (incl. Generated)
         0          0          0          3          0          3   (incl. Padding)

    ----------------------------------------------------------------------

      Code (inc. data)   RO Data    RW Data    ZI Data      Debug   Library Member Name

        68          2          0          0          0          0   __dczerorl.o
         8          0          0          0          0         68   __main.o
        60          8          0          0          0          0   __scatter.o
        44          0          0          0          0          0   __scatter_zi.o
       412          0          0          0          0        148   aeabi_sdiv.o
        16          4          0          0          0         68   dcheck.o
        16          4          0          0          0         68   dcheck1.o
       136          4          0          0          0         76   dfixu.o
       100          0          0          0          0        136   dflt_noclz.o
       476         16          0          0          0        128   dmul.o
       280          0          0          0          0         92   dunder.o
        12          0          0          0          0         60   exit.o
        28          0          0          0          0         80   fpinit.o
         6          0          0          0          0        132   heapauxi.o
        14          0          0          0          0          0   libinit.o
        12          0          0          0          0          0   libinit2.o
        12          0          0          0          0          0   libshutdown.o
         6          0          0          0          0          0   libshutdown2.o
        12          4          0          0         96         68   libspace.o
       116          0          0          0          0         68   retnan.o
        16          4          0          0          0         68   rt_fp_status_addr_intlibspace.o
         0          0          0          0          0          0   rtentry.o
        44          4          0          0          0          0   rtentry2.o
         8          0          0          0          0          0   rtentry4.o
         8          0          0          0          0          0   rtexit.o
        12          0          0          0          0          0   rtexit2.o
        24          8          0          0          0         68   sys_exit.o
        96          0          0          0          0         80   sys_stackheap_outer.o
        60          0          0          0          0         68   trapv.o
         4          0          0          0          0         68   use_no_semi.o
         0          0          0          0          0          0   usenofp.o

    ----------------------------------------------------------------------
      2112         58          0          0         96       1544   Library Totals
         6          0          0          0          0          0   (incl. Padding)

    ----------------------------------------------------------------------

      Code (inc. data)   RO Data    RW Data    ZI Data      Debug   Library Name

       878         30          0          0         96        760   c_t.l
      1228         28          0          0          0        784   fz_ts.l

    ----------------------------------------------------------------------
      2112         58          0          0         96       1544   Library Totals

    ----------------------------------------------------------------------

==============================================================================


      Code (inc. data)   RO Data    RW Data    ZI Data      Debug   

     11048       1338         48        584       1784      17444   Grand Totals
     11048       1338         48         44       1784      17444   ELF Image Totals (compressed)
     11048       1338         48         44          0          0   ROM Totals

==============================================================================

    Total RO  Size (Code + RO Data)                11096 (  10.84kB)
    Total RW  Size (RW Data + ZI Data)              2368 (   2.31kB)
    Total ROM Size (Code + RO Data + RW Data)      11140 (  10.88kB)

==============================================================================

