<html>
<body>
<pre>
<h1>µVision Build Log</h1>
<h2>Project:</h2>
H:\My Drive\My-Mtech\sem1\Embeded System\Term Work\CAR Dashboard\Vehicle.uvproj
Project File Date:  11/12/2023

<h2>Output:</h2>
Build target 'Target 1'
compiling Vehicle.c...
Vehicle.c(71): warning:  #61-D: integer operation result is out of range
Vehicle.c(71): warning:  #68-D: integer conversion resulted in a change of sign
Vehicle.c(190): warning:  #177-D: variable "i" was declared but never referenced
Vehicle.c(245): warning:  #177-D: variable "temp" was declared but never referenced
Vehicle.c(301): warning:  #1-D: last line of file ends without a newline
linking...
Program Size: Code=4224 RO-data=16 RW-data=0 ZI-data=1280  
FromELF: creating hex file...
"Vehicle.axf" - 0 Error(s), 5 Warning(s).
Build target 'Target 1'
linking...
Program Size: Code=4224 RO-data=16 RW-data=0 ZI-data=1280  
FromELF: creating hex file...
"Vehicle.axf" - 0 Error(s), 0 Warning(s).
Build target 'Target 1'
compiling Vehicle.c...
Vehicle.c(71): warning:  #61-D: integer operation result is out of range
Vehicle.c(71): warning:  #68-D: integer conversion resulted in a change of sign
Vehicle.c(190): warning:  #177-D: variable "i" was declared but never referenced
Vehicle.c(245): warning:  #177-D: variable "temp" was declared but never referenced
Vehicle.c(301): warning:  #1-D: last line of file ends without a newline
linking...
Program Size: Code=4224 RO-data=16 RW-data=0 ZI-data=1280  
FromELF: creating hex file...
"Vehicle.axf" - 0 Error(s), 5 Warning(s).
Build target 'Target 1'
linking...
Program Size: Code=4224 RO-data=16 RW-data=0 ZI-data=1280  
FromELF: creating hex file...
"Vehicle.axf" - 0 Error(s), 0 Warning(s).
Build target 'Target 1'
linking...
Program Size: Code=4224 RO-data=16 RW-data=0 ZI-data=1280  
FromELF: creating hex file...
"Vehicle.axf" - 0 Error(s), 0 Warning(s).
